<html>
<body>
<pre>
<h1>µVision Build Log</h1>
<h2>Tool Versions:</h2>
IDE-Version: ¦ÌVision V5.12.0.0
Copyright (C) 2014 ARM Ltd and ARM Germany GmbH. All rights reserved.
License Information: Stouphy Jst, fnst, LIC=9N045-GCLEZ-KTC3H-W2L48-I6FJ7-2VQRV
 
Tool Versions:
Toolchain:       MDK-ARM Professional  Version: 5.12.0.0
Toolchain Path:  D:\DevelopmentKitFiles\STMicroelectronics\Keil_v5\ARM\ARMCC\Bin
C Compiler:      Armcc.exe V5.05 (build 41)
Assembler:       Armasm.exe V5.05 (build 41)
Linker/Locator:  ArmLink.exe V5.05 (build 41)
Library Manager: ArmAr.exe V5.05 (build 41)
Hex Converter:   FromElf.exe V5.05 (build 41)
CPU DLL:         SARMCM3.DLL V5.12.0.0
Dialog DLL:      DCM.DLL V1.13.0.0
    Target DLL: STLink\ST-LINKIII-KEIL_SWO.dll
Dialog DLL:      TCM.DLL V1.14.2.0
 
<h2>Project:</h2>
F:\SVN\Engine\60_Solution\TBSIL\40_MK\Emulators\EGR Emulator\STM32_EGR_Emulator\Tag\EGREmulatorV1_L40_Tag\MDK-ARM\STM32F407_EGR_Emulator.uvprojx
Project File Date:  10/30/2015

<h2>Output:</h2>
Build target 'STM32F407_EGR_Emulator Configuration'
linking...
Program Size: Code=27140 RO-data=596 RW-data=192 ZI-data=2664  
FromELF: creating hex file...
"..\Output\STM32F407_EGR_Emulator.axf" - 0 Error(s), 0 Warning(s).

<h2>Collection of Component include folders:</h2>
  F:\SVN\Engine\60_Solution\TBSIL\40_MK\Emulators\EGR Emulator\STM32_EGR_Emulator\Tag\EGREmulatorV1_L40_Tag\MDK-ARM\RTE
  D:\DevelopmentKitFiles\STMicroelectronics\Keil_v5\ARM\PACK\Keil\STM32F4xx_DFP\1.0.8\Device\Include

<h2>Collection of Component Files used:</h2>
C_GetState(&I2cHandle) == HAL_I2C_STATE_RESET)
..\Drivers\Bsp\STM32F4-Discovery\stm32f4_discovery.c(407): error:  #20: identifier "HAL_I2C_STATE_RESET" is undefined
    if(HAL_I2C_GetState(&I2cHandle) == HAL_I2C_STATE_RESET)
..\Drivers\Bsp\STM32F4-Discovery\stm32f4_discovery.c(411): error:  #20: identifier "I2C_DUTYCYCLE_2" is undefined
      I2cHandle.Init.DutyCycle = I2C_DUTYCYCLE_2;
..\Drivers\Bsp\STM32F4-Discovery\stm32f4_discovery.c(413): error:  #20: identifier "I2C_ADDRESSINGMODE_7BIT" is undefined
      I2cHandle.Init.AddressingMode = I2C_ADDRESSINGMODE_7BIT;
..\Drivers\Bsp\STM32F4-Discovery\stm32f4_discovery.c(418): warning:  #223-D: function "HAL_I2C_Init" declared implicitly
      HAL_I2C_Init(&I2cHandle);
..\Drivers\Bsp\STM32F4-Discovery\stm32f4_discovery.c(433): warning:  #223-D: function "HAL_I2C_Mem_Write" declared implicitly
    status = HAL_I2C_Mem_Write(&I2cHandle, Addr, (uint16_t)Reg, I2C_MEMADD_SIZE_8BIT, &Value, 1, I2cxTimeout); 
..\Drivers\Bsp\STM32F4-Discovery\stm32f4_discovery.c(433): error:  #20: identifier "I2C_MEMADD_SIZE_8BIT" is undefined
    status = HAL_I2C_Mem_Write(&I2cHandle, Addr, (uint16_t)Reg, I2C_MEMADD_SIZE_8BIT, &Value, 1, I2cxTimeout); 
..\Drivers\Bsp\STM32F4-Discovery\stm32f4_discovery.c(433): warning:  #188-D: enumerated type mixed with another type
    status = HAL_I2C_Mem_Write(&I2cHandle, Addr, (uint16_t)Reg, I2C_MEMADD_SIZE_8BIT, &Value, 1, I2cxTimeout); 
..\Drivers\Bsp\STM32F4-Discovery\stm32f4_discovery.c(454): warning:  #223-D: function "HAL_I2C_Mem_Read" declared implicitly
    status = HAL_I2C_Mem_Read(&I2cHandle, Addr, (uint16_t)Reg, I2C_MEMADD_SIZE_8BIT, &value, 1,I2cxTimeout);
..\Drivers\Bsp\STM32F4-Discovery\stm32f4_discovery.c(454): error:  #20: identifier "I2C_MEMADD_SIZE_8BIT" is undefined
    status = HAL_I2C_Mem_Read(&I2cHandle, Addr, (uint16_t)Reg, I2C_MEMADD_SIZE_8BIT, &value, 1,I2cxTimeout);
..\Drivers\Bsp\STM32F4-Discovery\stm32f4_discovery.c(454): warning:  #188-D: enumerated type mixed with another type
    status = HAL_I2C_Mem_Read(&I2cHandle, Addr, (uint16_t)Reg, I2C_MEMADD_SIZE_8BIT, &value, 1,I2cxTimeout);
..\Drivers\Bsp\STM32F4-Discovery\stm32f4_discovery.c(473): warning:  #223-D: function "HAL_I2C_DeInit" declared implicitly
    HAL_I2C_DeInit(&I2cHandle);
..\Drivers\Bsp\STM32F4-Discovery\stm32f4_discovery.c: 7 warnings, 6 errors
assembling startup_stm32f407xx.s...
compiling CCP.C...
"..\Output\STM32F407_EGR_Emulator.axf" - 6 Error(s), 7 Warning(s).

<h2>Collection of Component include folders:</h2>
  F:\SVN\Engine\60_Solution\TBSIL\40_MK\Emulators\EGR Emulator\STM32_EGR_Emulator\Tag\EGREmulatorV1_L40_Tag\MDK-ARM\RTE
  D:\DevelopmentKitFiles\STMicroelectronics\Keil_v5\ARM\PACK\Keil\STM32F4xx_DFP\1.0.8\Device\Include

<h2>Collection of Component Files used:</h2>
Target not created.
