<html>
<body>
<pre>
<h1>µVision Build Log</h1>
<h2>Project:</h2>
F:\SVN\Engine\60_Solution\TBSIL\40_MK\Emulators\ITH Emulator\Trunk\ITHEmulatorV1_L10_trunk\USER\STM32L1xx_ITH_Emulator.uvproj
Project File Date:  04/08/2014

<h2>Output:</h2>
Build target 'STM32L1xx_ITH_Emulator'
compiling system_stm32l1xx.c...
compiling main.c...
Model_ert_rtw.h(5): error:  #5: cannot open source input file "power_BLDC_EGR.h": No such file or directory
compiling stm32l1xx_it.c...
Model_ert_rtw.h(5): error:  #5: cannot open source input file "power_BLDC_EGR.h": No such file or directory
compiling stm32l_discovery_lcd.c...
compiling stm32l_discovery_spi.c...
compiling TIMx_PWM_Capture.c...
STM32L1xx_Discovery_Driver\TIMx_PWM_Capture.c(58): error:  #20: identifier "GPIO_PIN_EBM_2L" is undefined
STM32L1xx_Discovery_Driver\TIMx_PWM_Capture.c(64): error:  #20: identifier "GPIO_GROUP_EBM_2L" is undefined
STM32L1xx_Discovery_Driver\TIMx_PWM_Capture.c(66): error:  #20: identifier "GPIO_PIN_EBM_3L" is undefined
STM32L1xx_Discovery_Driver\TIMx_PWM_Capture.c(67): error:  #20: identifier "GPIO_GROUP_EBM_3L" is undefined
STM32L1xx_Discovery_Driver\TIMx_PWM_Capture.c(69): error:  #20: identifier "GPIO_PIN_EBM_1L" is undefined
STM32L1xx_Discovery_Driver\TIMx_PWM_Capture.c(70): error:  #20: identifier "GPIO_GROUP_EBM_1L" is undefined
STM32L1xx_Discovery_Driver\TIMx_PWM_Capture.c(72): error:  #20: identifier "AFIO_PIN_SOURCE_EBM_1L" is undefined
STM32L1xx_Discovery_Driver\TIMx_PWM_Capture.c(72): error:  #20: identifier "AFIO_TIMx_EBM_1L" is undefined
STM32L1xx_Discovery_Driver\TIMx_PWM_Capture.c(73): error:  #20: identifier "AFIO_PIN_SOURCE_EBM_2L" is undefined
STM32L1xx_Discovery_Driver\TIMx_PWM_Capture.c(73): error:  #20: identifier "AFIO_TIMx_EBM_2L" is undefined
STM32L1xx_Discovery_Driver\TIMx_PWM_Capture.c(74): error:  #20: identifier "AFIO_PIN_SOURCE_EBM_3L" is undefined
STM32L1xx_Discovery_Driver\TIMx_PWM_Capture.c(74): error:  #20: identifier "AFIO_TIMx_EBM_3L" is undefined
STM32L1xx_Discovery_Driver\TIMx_PWM_Capture.c(204): error:  #20: identifier "GPIO_GROUP_EBM_1L" is undefined
STM32L1xx_Discovery_Driver\TIMx_PWM_Capture.c(204): error:  #20: identifier "GPIO_PIN_EBM_1L" is undefined
STM32L1xx_Discovery_Driver\TIMx_PWM_Capture.c(220): error:  #20: identifier "GPIO_GROUP_EBM_2L" is undefined
STM32L1xx_Discovery_Driver\TIMx_PWM_Capture.c(220): error:  #20: identifier "GPIO_PIN_EBM_2L" is undefined
STM32L1xx_Discovery_Driver\TIMx_PWM_Capture.c(236): error:  #20: identifier "GPIO_GROUP_EBM_3L" is undefined
STM32L1xx_Discovery_Driver\TIMx_PWM_Capture.c(236): error:  #20: identifier "GPIO_PIN_EBM_3L" is undefined
assembling startup_stm32l1xx_md.s...
compiling misc.c...
compiling stm32l1xx_adc.c...
compiling stm32l1xx_aes.c...
compiling stm32l1xx_aes_util.c...
compiling stm32l1xx_comp.c...
compiling stm32l1xx_crc.c...
compiling stm32l1xx_dac.c...
compiling stm32l1xx_dbgmcu.c...
compiling stm32l1xx_dma.c...
compiling stm32l1xx_exti.c...
compiling stm32l1xx_flash.c...
compiling stm32l1xx_flash_ramfunc.c...
compiling stm32l1xx_fsmc.c...
compiling stm32l1xx_gpio.c...
compiling stm32l1xx_i2c.c...
compiling stm32l1xx_iwdg.c...
compiling stm32l1xx_lcd.c...
compiling stm32l1xx_opamp.c...
compiling stm32l1xx_pwr.c...
compiling stm32l1xx_rcc.c...
compiling stm32l1xx_rtc.c...
compiling stm32l1xx_sdio.c...
compiling stm32l1xx_spi.c...
compiling stm32l1xx_syscfg.c...
compiling stm32l1xx_tim.c...
compiling stm32l1xx_usart.c...
compiling stm32l1xx_wwdg.c...
"..\OUTPUT\STM32L1xx_ITH_Emulator.axf" - 20 Errors, 0 Warning(s).
Target not created
Build target 'STM32L1xx_ITH_Emulator'
compiling system_stm32l1xx.c...
compiling main.c...
main.h(20): error:  #5: cannot open source input file "Model_ert_rtw.h": No such file or directory
compiling stm32l1xx_it.c...
main.h(20): error:  #5: cannot open source input file "Model_ert_rtw.h": No such file or directory
compiling stm32l_discovery_lcd.c...
compiling stm32l_discovery_spi.c...
compiling TIMx_PWM_Capture.c...
assembling startup_stm32l1xx_md.s...
compiling misc.c...
compiling stm32l1xx_adc.c...
compiling stm32l1xx_aes.c...
compiling stm32l1xx_aes_util.c...
compiling stm32l1xx_comp.c...
compiling stm32l1xx_crc.c...
compiling stm32l1xx_dac.c...
compiling stm32l1xx_dbgmcu.c...
compiling stm32l1xx_dma.c...
compiling stm32l1xx_exti.c...
compiling stm32l1xx_flash.c...
compiling stm32l1xx_flash_ramfunc.c...
compiling stm32l1xx_fsmc.c...
compiling stm32l1xx_gpio.c...
compiling stm32l1xx_i2c.c...
compiling stm32l1xx_iwdg.c...
compiling stm32l1xx_lcd.c...
compiling stm32l1xx_opamp.c...
compiling stm32l1xx_pwr.c...
compiling stm32l1xx_rcc.c...
compiling stm32l1xx_rtc.c...
compiling stm32l1xx_sdio.c...
compiling stm32l1xx_spi.c...
compiling stm32l1xx_syscfg.c...
compiling stm32l1xx_tim.c...
compiling stm32l1xx_usart.c...
compiling stm32l1xx_wwdg.c...
"..\OUTPUT\STM32L1xx_ITH_Emulator.axf" - 2 Errors, 0 Warning(s).
Target not created
Build target 'STM32L1xx_ITH_Emulator'
compiling main.c...
compiling stm32l1xx_it.c...
stm32l1xx_it.c(176): warning:  #223-D: function "rt_Model_ISRHandler" declared implicitly
compiling TIMx_PWM_Capture.c...
linking...
..\OUTPUT\STM32L1xx_ITH_Emulator.axf: Error: L6218E: Undefined symbol rt_Model_ISRHandler (referred from stm32l1xx_it.o).
..\OUTPUT\STM32L1xx_ITH_Emulator.axf: Error: L6218E: Undefined symbol gDisplayMode (referred from timx_pwm_capture.o).
"..\OUTPUT\STM32L1xx_ITH_Emulator.axf" - 2 Errors, 1 Warning(s).
Target not created
Build target 'STM32L1xx_ITH_Emulator'
compiling main.c...
compiling stm32l1xx_it.c...
linking...
..\OUTPUT\STM32L1xx_ITH_Emulator.axf: Error: L6218E: Undefined symbol gDisplayMode (referred from timx_pwm_capture.o).
"..\OUTPUT\STM32L1xx_ITH_Emulator.axf" - 1 Errors, 0 Warning(s).
Target not created
Build target 'STM32L1xx_ITH_Emulator'
compiling main.c...
compiling stm32l1xx_it.c...
compiling TIMx_PWM_Capture.c...
linking...
Program Size: Code=19616 RO-data=864 RW-data=96 ZI-data=5280  
FromELF: creating hex file...
"..\OUTPUT\STM32L1xx_ITH_Emulator.axf" - 0 Errors, 0 Warning(s).
Build target 'STM32L1xx_ITH_Emulator'
compiling main.c...
compiling stm32l1xx_it.c...
compiling TIMx_PWM_Capture.c...
compiling stm32l_discovery_DAC.c...
linking...
Program Size: Code=19616 RO-data=864 RW-data=96 ZI-data=5280  
FromELF: creating hex file...
"..\OUTPUT\STM32L1xx_ITH_Emulator.axf" - 0 Errors, 0 Warning(s).
